// Jest Snapshot v1, https://goo.gl/fbAQLP

exports[`ArtistItem renders correctly 1`] = `
<DocumentFragment>
  <a
    aria-label="Go to artist undefined"
    href="/artist/undefined"
  >
    <div
      class="rounded-md overflow-hidden bg-neutral-900 hover:text-brand-light hover:border-brand-light hover:border transition"
    >
      <div
        class="relative aspect-square rounded-md w-full bg-neutral-700 animated-underline"
      >
        <svg
          class="m-auto h-full text-dark"
          fill="currentColor"
          height="64"
          stroke="currentColor"
          stroke-width="0"
          viewBox="0 0 448 512"
          width="64"
          xmlns="http://www.w3.org/2000/svg"
        >
          <path
            d="M224 256A128 128 0 1 0 224 0a128 128 0 1 0 0 256zm-45.7 48C79.8 304 0 383.8 0 482.3C0 498.7 13.3 512 29.7 512H418.3c16.4 0 29.7-13.3 29.7-29.7C448 383.8 368.2 304 269.7 304H178.3z"
          />
        </svg>
      </div>
      <div
        class="relative p-3 w-full overflow-clip"
      >
        <h4
          class="truncate"
        />
      </div>
    </div>
  </a>
</DocumentFragment>
`;
