// Jest Snapshot v1, https://goo.gl/fbAQLP

exports[`HeaderImage renders correctly 1`] = `
<DocumentFragment>
  <div
    class="relative aspect-square w-28 rounded-md overflow-hidden bg-neutral-700 flex items-center justify-center"
  >
    <svg
      class="w-1/2"
    />
  </div>
</DocumentFragment>
`;
